<html>
<body>
<pre>
<h1>µVision Build Log</h1>
<h2>Tool Versions:</h2>
IDE-Version: ¦ÌVision V5.29.0.0
Copyright (C) 2019 ARM Ltd and ARM Germany GmbH. All rights reserved.
License Information: 0 Harry, 0, LIC=D0D7S-LDTSJ-CX2U6-DV2BI-ACNLC-X1JJX
 
Tool Versions:
Toolchain:       MDK-ARM Plus  Version: 5.33.0.0
Toolchain Path:  C:\Portable\Keil\ARM\ARMCC\Bin
C Compiler:      Armcc.exe V5.06 update 7 (build 960)
Assembler:       Armasm.exe V5.06 update 7 (build 960)
Linker/Locator:  ArmLink.exe V5.06 update 7 (build 960)
Library Manager: ArmAr.exe V5.06 update 7 (build 960)
Hex Converter:   FromElf.exe V5.06 update 7 (build 960)
CPU DLL:         SARMCM3.DLL V5.33.0.0
Dialog DLL:      DCM.DLL V1.17.3.0
Target DLL:      UL2CM3.DLL V1.163.9.0
Dialog DLL:      TCM.DLL V1.48.0.0
 
<h2>Project:</h2>
C:\Users\Harry\Desktop\MCU_homework\hw5_shineLED_STD\hw4_shineLED_STD.uvprojx
Project File Date:  03/22/2021

<h2>Output:</h2>
*** Using Compiler 'V5.06 update 7 (build 960)', folder: 'C:\Portable\Keil\ARM\ARMCC\Bin'
Build target 'hw4_shineLED_STD'
compiling led.c...
user\lw_oopc.h(69): warning:  #1295-D: Deprecated declaration lw_oopc_report - give arg types
  void lw_oopc_report();
user\led.h(14): warning:  #1295-D: Deprecated declaration LED_new - give arg types
  CLASS(LED)
user\led.c: 2 warnings, 0 errors
compiling main.c...
user\lw_oopc.h(69): warning:  #1295-D: Deprecated declaration lw_oopc_report - give arg types
  void lw_oopc_report();
user\led.h(14): warning:  #1295-D: Deprecated declaration LED_new - give arg types
  CLASS(LED)
user\main.c: 2 warnings, 0 errors
linking...
Program Size: Code=1360 RO-data=368 RW-data=16 ZI-data=1536  
".\build\Keil\hw4_shineLED_STD.axf" - 0 Error(s), 4 Warning(s).

<h2>Software Packages used:</h2>

Package Vendor: Keil
                http://www.keil.com/pack/Keil.STM32F1xx_DFP.2.3.0.pack
                Keil.STM32F1xx_DFP.2.3.0
                STMicroelectronics STM32F1 Series Device Support, Drivers and Examples

<h2>Collection of Component include folders:</h2>
  .\RTE\_hw4_shineLED_STD
  C:\Portable\Keil\Packs\Keil\STM32F1xx_DFP\2.3.0\Device\Include

<h2>Collection of Component Files used:</h2>
Build Time Elapsed:  00:00:01
</pre>
</body>
</html>
