<html>
<body>
<pre>
<h1>礦ision Build Log</h1>
<h2>Tool Versions:</h2>
IDE-Version: μVision V5.29.0.0
Copyright (C) 2019 ARM Ltd and ARM Germany GmbH. All rights reserved.
License Information: 0 Harry, 0, LIC=D0D7S-LDTSJ-CX2U6-DV2BI-ACNLC-X1JJX
 
Tool Versions:
Toolchain:       MDK-ARM Plus  Version: 5.33.0.0
Toolchain Path:  C:\Portable\Keil\ARM\ARMCC\Bin
C Compiler:      Armcc.exe V5.06 update 7 (build 960)
Assembler:       Armasm.exe V5.06 update 7 (build 960)
Linker/Locator:  ArmLink.exe V5.06 update 7 (build 960)
Library Manager: ArmAr.exe V5.06 update 7 (build 960)
Hex Converter:   FromElf.exe V5.06 update 7 (build 960)
CPU DLL:         SARMCM3.DLL V5.33.0.0
Dialog DLL:      DCM.DLL V1.17.3.0
Target DLL:      STLink\ST-LINKIII-KEIL_SWO.dll V3.0.8.0
Dialog DLL:      TCM.DLL V1.48.0.0
 
<h2>Project:</h2>
C:\Users\Harry\Desktop\MCU_homework\TemplatesAndNotes\Template_uCos\USER\UCOSII-1-2.uvprojx
Project File Date:  04/28/2021

<h2>Output:</h2>
*** Using Compiler 'V5.06 update 7 (build 960)', folder: 'C:\Portable\Keil\ARM\ARMCC\Bin'
Rebuild target 'UCOSII-1-2'
assembling startup_stm32f10x_hd.s...
compiling main.c...
compiling delay.c...
compiling core_cm3.c...
compiling misc.c...
compiling stm32f10x_dbgmcu.c...
compiling stm32f10x_cec.c...
compiling stm32f10x_bkp.c...
compiling stm32f10x_rcc.c...
compiling stm32f10x_adc.c...
compiling stm32f10x_gpio.c...
compiling stm32f10x_usart.c...
compiling stm32f10x_can.c...
compiling usart.c...
compiling stm32f10x_tim.c...
compiling sys.c...
compiling stm32f10x_crc.c...
compiling stm32f10x_dac.c...
compiling stm32f10x_exti.c...
compiling stm32f10x_dma.c...
compiling stm32f10x_flash.c...
compiling stm32f10x_fsmc.c...
compiling stm32f10x_i2c.c...
compiling stm32f10x_iwdg.c...
compiling stm32f10x_pwr.c...
compiling stm32f10x_spi.c...
compiling stm32f10x_rtc.c...
compiling stm32f10x_sdio.c...
compiling stm32f10x_wwdg.c...
compiling os_mem.c...
compiling os_core.c...
compiling os_flag.c...
compiling os_mbox.c...
assembling os_cpu_a.asm...
compiling os_mutex.c...
compiling os_sem.c...
compiling os_q.c...
compiling os_time.c...
compiling os_task.c...
compiling os_tmr.c...
compiling os_cpu_c.c...
compiling beep.c...
compiling key.c...
..\Hardware\src\key.c(53): warning:  #550-D: variable "key_up"  was set but never used
  	static u8 key_up=1;//按键按松开标志
..\Hardware\src\key.c: 1 warning, 0 errors
compiling led.c...
compiling pwm.c...
..\Hardware\src\pwm.c(146): warning:  #1-D: last line of file ends without a newline
  }
..\Hardware\src\pwm.c: 1 warning, 0 errors
compiling system_stm32f10x.c...
linking...
Program Size: Code=11996 RO-data=604 RW-data=156 ZI-data=6044  
FromELF: creating hex file...
"..\build\UCOSII-1-2.axf" - 0 Error(s), 2 Warning(s).

<h2>Software Packages used:</h2>

Package Vendor: Keil
                http://www.keil.com/pack/Keil.STM32F1xx_DFP.2.3.0.pack
                Keil.STM32F1xx_DFP.2.3.0
                STMicroelectronics STM32F1 Series Device Support, Drivers and Examples

<h2>Collection of Component include folders:</h2>
  .\RTE\_UCOSII-1-2
  C:\Portable\Keil\Packs\Keil\STM32F1xx_DFP\2.3.0\Device\Include

<h2>Collection of Component Files used:</h2>
Build Time Elapsed:  00:00:03
</pre>
</body>
</html>
