<html>
<body>
<pre>
<h1>µVision Build Log</h1>
<h2>Tool Versions:</h2>
IDE-Version: ¦ÌVision V5.29.0.0
Copyright (C) 2019 ARM Ltd and ARM Germany GmbH. All rights reserved.
License Information: 0 Harry, 0, LIC=D0D7S-LDTSJ-CX2U6-DV2BI-ACNLC-X1JJX
 
Tool Versions:
Toolchain:       MDK-ARM Plus  Version: 5.33.0.0
Toolchain Path:  C:\Portable\Keil\ARM\ARMCC\Bin
C Compiler:      Armcc.exe V5.06 update 7 (build 960)
Assembler:       Armasm.exe V5.06 update 7 (build 960)
Linker/Locator:  ArmLink.exe V5.06 update 7 (build 960)
Library Manager: ArmAr.exe V5.06 update 7 (build 960)
Hex Converter:   FromElf.exe V5.06 update 7 (build 960)
CPU DLL:         SARMCM3.DLL V5.33.0.0
Dialog DLL:      DCM.DLL V1.17.3.0
Target DLL:      Segger\JL2CM3.dll V2.99.38.0
Dialog DLL:      TCM.DLL V1.48.0.0
 
<h2>Project:</h2>
C:\Users\Harry\Desktop\demo\USER\STM32-DEMO.uvprojx
Project File Date:  04/26/2021

<h2>Output:</h2>
*** Using Compiler 'V5.06 update 7 (build 960)', folder: 'C:\Portable\Keil\ARM\ARMCC\Bin'
Rebuild target 'USART1-DEMO'
assembling startup_stm32f10x_hd.s...
compiling usart1.c...
compiling stm32f10x_gpio.c...
compiling stm32f10x_usart.c...
compiling stm32f10x_adc.c...
compiling stm32f10x_it.c...
compiling stm32f10x_dac.c...
compiling stm32f10x_rcc.c...
compiling stm32f10x_crc.c...
compiling stm32f10x_dbgmcu.c...
compiling misc.c...
compiling stm32f10x_bkp.c...
compiling stm32f10x_cec.c...
compiling main.c...
compiling stm32f10x_dma.c...
compiling stm32f10x_can.c...
compiling stm32f10x_exti.c...
compiling stm32f10x_iwdg.c...
compiling stm32f10x_i2c.c...
compiling stm32f10x_fsmc.c...
compiling stm32f10x_flash.c...
compiling stm32f10x_pwr.c...
compiling os_cpu_c.c...
compiling stm32f10x_rtc.c...
compiling os_dbg.c...
assembling os_cpu_a.asm...
compiling stm32f10x_sdio.c...
compiling stm32f10x_spi.c...
compiling stm32f10x_wwdg.c...
compiling system_stm32f10x.c...
compiling core_cm3.c...
compiling stm32f10x_tim.c...
compiling os_core.c...
compiling os_flag.c...
compiling os_mem.c...
compiling os_mbox.c...
compiling os_mutex.c...
compiling os_q.c...
compiling os_time.c...
compiling os_sem.c...
compiling os_tmr.c...
compiling os_task.c...
linking...
Program Size: Code=12652 RO-data=688 RW-data=108 ZI-data=5172  
FromELF: creating hex file...
"..\Output\STM32-DEMO.axf" - 0 Error(s), 0 Warning(s).

<h2>Software Packages used:</h2>

Package Vendor: Keil
                http://www.keil.com/pack/Keil.STM32F1xx_DFP.2.3.0.pack
                Keil.STM32F1xx_DFP.2.3.0
                STMicroelectronics STM32F1 Series Device Support, Drivers and Examples

<h2>Collection of Component include folders:</h2>
  .\RTE\_USART1-DEMO
  C:\Portable\Keil\Packs\Keil\STM32F1xx_DFP\2.3.0\Device\Include

<h2>Collection of Component Files used:</h2>
Build Time Elapsed:  00:00:03
</pre>
</body>
</html>
